 ⚠ Port 3000 is in use, using available port 3001 instead.
(node:28704) Warning: Setting the NODE_TLS_REJECT_UNAUTHORIZED environment variable to '0' makes TLS connections and HTTPS requests insecure by disabling certificate verification.
(Use `node --trace-warnings ...` to show where the warning was created)
 ⨯ [Error: ENOENT: no such file or directory, open 'C:\Users\HP\Desktop\Anas_Portfolio\anas-portfolio-next\.next\server\pages\_document.js'] {
  errno: -4058,
  code: 'ENOENT',
  syscall: 'open',
  path: 'C:\\Users\\HP\\Desktop\\Anas_Portfolio\\anas-portfolio-next\\.next\\server\\pages\\_document.js'
}
 ⨯ [Error: ENOENT: no such file or directory, open 'C:\Users\HP\Desktop\Anas_Portfolio\anas-portfolio-next\.next\server\pages\_document.js'] {
  errno: -4058,
  code: 'ENOENT',
  syscall: 'open',
  path: 'C:\\Users\\HP\\Desktop\\Anas_Portfolio\\anas-portfolio-next\\.next\\server\\pages\\_document.js'
}
 ⨯ [Error: ENOENT: no such file or directory, open 'C:\Users\HP\Desktop\Anas_Portfolio\anas-portfolio-next\.next\server\pages\_document.js'] {
  errno: -4058,
  code: 'ENOENT',
  syscall: 'open',
  path: 'C:\\Users\\HP\\Desktop\\Anas_Portfolio\\anas-portfolio-next\\.next\\server\\pages\\_document.js'
}
 ⨯ [Error: ENOENT: no such file or directory, open 'C:\Users\HP\Desktop\Anas_Portfolio\anas-portfolio-next\.next\server\pages\_document.js'] {
  errno: -4058,
  code: 'ENOENT',
  syscall: 'open',
  path: 'C:\\Users\\HP\\Desktop\\Anas_Portfolio\\anas-portfolio-next\\.next\\server\\pages\\_document.js'
}
<w> [webpack.cache.PackFileCacheStrategy] Caching failed for pack: Error: ENOENT: no such file or directory, rename 'C:\Users\HP\Desktop\Anas_Portfolio\anas-portfolio-next\.next\cache\webpack\client-development-fallback\2.pack.gz_' -> 'C:\Users\HP\Desktop\Anas_Portfolio\anas-portfolio-next\.next\cache\webpack\client-development-fallback\2.pack.gz'
<w> [webpack.cache.PackFileCacheStrategy] Caching failed for pack: Error: ENOENT: no such file or directory, rename 'C:\Users\HP\Desktop\Anas_Portfolio\anas-portfolio-next\.next\cache\webpack\client-development-fallback\2.pack.gz_' -> 'C:\Users\HP\Desktop\Anas_Portfolio\anas-portfolio-next\.next\cache\webpack\client-development-fallback\2.pack.gz'
<w> [webpack.cache.PackFileCacheStrategy] Caching failed for pack: Error: ENOENT: no such file or directory, rename 'C:\Users\HP\Desktop\Anas_Portfolio\anas-portfolio-next\.next\cache\webpack\client-development-fallback\2.pack.gz_' -> 'C:\Users\HP\Desktop\Anas_Portfolio\anas-portfolio-next\.next\cache\webpack\client-development-fallback\2.pack.gz'
 ⨯ [Error: ENOENT: no such file or directory, open 'C:\Users\HP\Desktop\Anas_Portfolio\anas-portfolio-next\.next\server\pages\_document.js'] {
  errno: -4058,
  code: 'ENOENT',
  syscall: 'open',
  path: 'C:\\Users\\HP\\Desktop\\Anas_Portfolio\\anas-portfolio-next\\.next\\server\\pages\\_document.js',
  page: '/'
}
 ⨯ [Error: ENOENT: no such file or directory, open 'C:\Users\HP\Desktop\Anas_Portfolio\anas-portfolio-next\.next\server\pages\_document.js'] {
  errno: -4058,
  code: 'ENOENT',
  syscall: 'open',
  path: 'C:\\Users\\HP\\Desktop\\Anas_Portfolio\\anas-portfolio-next\\.next\\server\\pages\\_document.js'
}
 ⨯ [Error: ENOENT: no such file or directory, open 'C:\Users\HP\Desktop\Anas_Portfolio\anas-portfolio-next\.next\server\pages\_document.js'] {
  errno: -4058,
  code: 'ENOENT',
  syscall: 'open',
  path: 'C:\\Users\\HP\\Desktop\\Anas_Portfolio\\anas-portfolio-next\\.next\\server\\pages\\_document.js',
  page: '/'
}
 ⨯ [Error: ENOENT: no such file or directory, open 'C:\Users\HP\Desktop\Anas_Portfolio\anas-portfolio-next\.next\server\pages\_document.js'] {
  errno: -4058,
  code: 'ENOENT',
  syscall: 'open',
  path: 'C:\\Users\\HP\\Desktop\\Anas_Portfolio\\anas-portfolio-next\\.next\\server\\pages\\_document.js'
}
